error: `to_string()` called on a `String`
  --> tests/ui/string_to_string.rs:6:17
   |
LL |     let mut v = message.to_string();
   |                 ^^^^^^^^^^^^^^^^^^^
   |
   = help: consider using `.clone()`
   = note: `-D clippy::string-to-string` implied by `-D warnings`
   = help: to override `-D warnings` add `#[allow(clippy::string_to_string)]`

error: `to_string()` called on a `String`
  --> tests/ui/string_to_string.rs:13:40
   |
LL |         let mut v2 = Some(&v1).map(|s| s.to_string());
   |                                        ^^^^^^^^^^^^^
   |
   = help: consider using `.clone()`

error: aborting due to 2 previous errors

